// Jest Snapshot v1, https://goo.gl/fbAQLP

exports[`Link changes the class when hovered 1`] = `
<label>
  <input
    checked={false}
    onChange={[Function]}
    type="checkbox"
  />
  Off
</label>
`;

exports[`Link changes the class when hovered 2`] = `
<label>
  <input
    checked={false}
    onChange={[Function]}
    type="checkbox"
  />
  Off
</label>
`;
